
> backend@0.0.1 build
> tsc -p tsconfig.build.json

src/meal-plans/meal-plans.service.ts(204,27): error TS2345: Argument of type 'string | null' is not assignable to parameter of type 'string'.
  Type 'null' is not assignable to type 'string'.
